2026-09-29 00:13:41,251 [INFO] ============================================================
2026-09-29 00:13:41,252 [INFO] Hugging Face Dataset Downloader Started
2026-09-29 00:13:41,252 [INFO] ============================================================
2026-09-29 00:13:41,252 [INFO] Starting download: Project-AgML/rice_leaf_disease_classification -> data_raw\huggingface\rice_leaf_disease_classification
2026-09-29 00:13:41,971 [INFO] HTTP Request: GET https://huggingface.co/api/agent-harnesses "HTTP/1.1 200 OK"
2026-09-29 00:13:42,270 [INFO] HTTP Request: GET https://huggingface.co/api/datasets/Project-AgML/rice_leaf_disease_classification/revision/main "HTTP/1.1 200 OK"
2026-09-29 00:13:42,656 [INFO] HTTP Request: GET https://huggingface.co/api/datasets/Project-AgML/rice_leaf_disease_classification/tree/b0675c92b6932e940a4097e09cf49621b35997a4?recursive=true&expand=false "HTTP/1.1 200 OK"
2026-09-29 00:13:42,965 [INFO] HTTP Request: HEAD https://huggingface.co/datasets/Project-AgML/rice_leaf_disease_classification/resolve/b0675c92b6932e940a4097e09cf49621b35997a4/data/train-00000-of-00003.parquet "HTTP/1.1 302 Found"
2026-09-29 00:13:42,966 [WARNING] Warning: You are sending unauthenticated requests to the HF Hub. Please set a HF_TOKEN to enable higher rate limits and faster downloads.
2026-09-29 00:13:43,155 [INFO] HTTP Request: HEAD https://huggingface.co/datasets/Project-AgML/rice_leaf_disease_classification/resolve/b0675c92b6932e940a4097e09cf49621b35997a4/README.md "HTTP/1.1 307 Temporary Redirect"
2026-09-29 00:13:43,185 [INFO] HTTP Request: HEAD https://huggingface.co/datasets/Project-AgML/rice_leaf_disease_classification/resolve/b0675c92b6932e940a4097e09cf49621b35997a4/.gitattributes "HTTP/1.1 307 Temporary Redirect"
2026-09-29 00:13:43,575 [INFO] HTTP Request: GET https://huggingface.co/api/datasets/Project-AgML/rice_leaf_disease_classification/xet-read-token/b0675c92b6932e940a4097e09cf49621b35997a4 "HTTP/1.1 200 OK"
2026-09-29 00:13:43,575 [INFO] HTTP Request: HEAD https://huggingface.co/api/resolve-cache/datasets/Project-AgML/rice_leaf_disease_classification/b0675c92b6932e940a4097e09cf49621b35997a4/.gitattributes?%2Fdatasets%2FProject-AgML%2Frice_leaf_disease_classification%2Fresolve%2Fb0675c92b6932e940a4097e09cf49621b35997a4%2F.gitattributes=&etag=%22bed0738c7eeb449bca98b5d2f33c89a1ee56349a%22 "HTTP/1.1 200 OK"
2026-09-29 00:13:43,576 [INFO] HTTP Request: HEAD https://huggingface.co/api/resolve-cache/datasets/Project-AgML/rice_leaf_disease_classification/b0675c92b6932e940a4097e09cf49621b35997a4/README.md?%2Fdatasets%2FProject-AgML%2Frice_leaf_disease_classification%2Fresolve%2Fb0675c92b6932e940a4097e09cf49621b35997a4%2FREADME.md=&etag=%22ae85cbff057cb4f03222ab414fc7cab495fb1e54%22 "HTTP/1.1 200 OK"
2026-09-29 00:13:43,656 [INFO] HTTP Request: GET https://huggingface.co/api/resolve-cache/datasets/Project-AgML/rice_leaf_disease_classification/b0675c92b6932e940a4097e09cf49621b35997a4/.gitattributes?%2Fdatasets%2FProject-AgML%2Frice_leaf_disease_classification%2Fresolve%2Fb0675c92b6932e940a4097e09cf49621b35997a4%2F.gitattributes=&etag=%22bed0738c7eeb449bca98b5d2f33c89a1ee56349a%22 "HTTP/1.1 200 OK"
2026-09-29 00:13:43,840 [INFO] HTTP Request: GET https://huggingface.co/api/resolve-cache/datasets/Project-AgML/rice_leaf_disease_classification/b0675c92b6932e940a4097e09cf49621b35997a4/README.md?%2Fdatasets%2FProject-AgML%2Frice_leaf_disease_classification%2Fresolve%2Fb0675c92b6932e940a4097e09cf49621b35997a4%2FREADME.md=&etag=%22ae85cbff057cb4f03222ab414fc7cab495fb1e54%22 "HTTP/1.1 200 OK"
2026-09-29 00:14:49,445 [INFO] Successfully downloaded Project-AgML/rice_leaf_disease_classification to C:\Users\Tanish\OneDrive\Desktop\SAP 2\data_raw\huggingface\rice_leaf_disease_classification
2026-09-29 00:14:49,445 [INFO] Starting download: Project-AgML/rice_leaf_disease_classification_india -> data_raw\huggingface\rice_leaf_disease_classification_india
2026-09-29 00:14:49,948 [INFO] HTTP Request: GET https://huggingface.co/api/datasets/Project-AgML/rice_leaf_disease_classification_india/revision/main "HTTP/1.1 200 OK"
2026-09-29 00:14:50,400 [INFO] HTTP Request: GET https://huggingface.co/api/datasets/Project-AgML/rice_leaf_disease_classification_india/tree/07f0debab8a2b52f731759bf7b859ab3f10dd3b1?recursive=true&expand=false "HTTP/1.1 200 OK"
2026-09-29 00:14:50,870 [INFO] HTTP Request: HEAD https://huggingface.co/datasets/Project-AgML/rice_leaf_disease_classification_india/resolve/07f0debab8a2b52f731759bf7b859ab3f10dd3b1/.gitattributes "HTTP/1.1 307 Temporary Redirect"
2026-09-29 00:14:50,900 [INFO] HTTP Request: HEAD https://huggingface.co/datasets/Project-AgML/rice_leaf_disease_classification_india/resolve/07f0debab8a2b52f731759bf7b859ab3f10dd3b1/README.md "HTTP/1.1 307 Temporary Redirect"
2026-09-29 00:14:50,910 [INFO] HTTP Request: GET https://huggingface.co/api/datasets/Project-AgML/rice_leaf_disease_classification_india/xet-read-token/07f0debab8a2b52f731759bf7b859ab3f10dd3b1 "HTTP/1.1 200 OK"
2026-09-29 00:14:51,135 [INFO] HTTP Request: HEAD https://huggingface.co/api/resolve-cache/datasets/Project-AgML/rice_leaf_disease_classification_india/07f0debab8a2b52f731759bf7b859ab3f10dd3b1/.gitattributes?%2Fdatasets%2FProject-AgML%2Frice_leaf_disease_classification_india%2Fresolve%2F07f0debab8a2b52f731759bf7b859ab3f10dd3b1%2F.gitattributes=&etag=%22bed0738c7eeb449bca98b5d2f33c89a1ee56349a%22 "HTTP/1.1 200 OK"
2026-09-29 00:14:51,179 [INFO] HTTP Request: HEAD https://huggingface.co/api/resolve-cache/datasets/Project-AgML/rice_leaf_disease_classification_india/07f0debab8a2b52f731759bf7b859ab3f10dd3b1/README.md?%2Fdatasets%2FProject-AgML%2Frice_leaf_disease_classification_india%2Fresolve%2F07f0debab8a2b52f731759bf7b859ab3f10dd3b1%2FREADME.md=&etag=%22006b2a815063cddf53806418f0b001d00c7342ef%22 "HTTP/1.1 200 OK"
2026-09-29 00:14:51,408 [INFO] HTTP Request: GET https://huggingface.co/api/resolve-cache/datasets/Project-AgML/rice_leaf_disease_classification_india/07f0debab8a2b52f731759bf7b859ab3f10dd3b1/.gitattributes?%2Fdatasets%2FProject-AgML%2Frice_leaf_disease_classification_india%2Fresolve%2F07f0debab8a2b52f731759bf7b859ab3f10dd3b1%2F.gitattributes=&etag=%22bed0738c7eeb449bca98b5d2f33c89a1ee56349a%22 "HTTP/1.1 200 OK"
2026-09-29 00:14:51,452 [INFO] HTTP Request: GET https://huggingface.co/api/resolve-cache/datasets/Project-AgML/rice_leaf_disease_classification_india/07f0debab8a2b52f731759bf7b859ab3f10dd3b1/README.md?%2Fdatasets%2FProject-AgML%2Frice_leaf_disease_classification_india%2Fresolve%2F07f0debab8a2b52f731759bf7b859ab3f10dd3b1%2FREADME.md=&etag=%22006b2a815063cddf53806418f0b001d00c7342ef%22 "HTTP/1.1 200 OK"
2026-09-29 00:15:07,083 [INFO] Successfully downloaded Project-AgML/rice_leaf_disease_classification_india to C:\Users\Tanish\OneDrive\Desktop\SAP 2\data_raw\huggingface\rice_leaf_disease_classification_india
2026-09-29 00:15:07,083 [INFO] Starting download: Project-AgML/MH_SoyaHealthVision_disease_classification_leaf -> data_raw\huggingface\MH_SoyaHealthVision_disease_classification_leaf
2026-09-29 00:15:07,733 [INFO] HTTP Request: GET https://huggingface.co/api/datasets/Project-AgML/MH_SoyaHealthVision_disease_classification_leaf/revision/main "HTTP/1.1 200 OK"
2026-09-29 00:15:08,074 [INFO] HTTP Request: GET https://huggingface.co/api/datasets/Project-AgML/MH_SoyaHealthVision_disease_classification_leaf/tree/8cccf101c7b07b1c72daa0f4cea6f45e51c11db5?recursive=true&expand=false "HTTP/1.1 200 OK"
2026-09-29 00:15:08,371 [INFO] HTTP Request: GET https://huggingface.co/api/datasets/Project-AgML/MH_SoyaHealthVision_disease_classification_leaf/xet-read-token/8cccf101c7b07b1c72daa0f4cea6f45e51c11db5 "HTTP/1.1 200 OK"
2026-09-29 00:15:08,575 [INFO] HTTP Request: HEAD https://huggingface.co/datasets/Project-AgML/MH_SoyaHealthVision_disease_classification_leaf/resolve/8cccf101c7b07b1c72daa0f4cea6f45e51c11db5/.gitattributes "HTTP/1.1 307 Temporary Redirect"
2026-09-29 00:15:08,582 [INFO] HTTP Request: HEAD https://huggingface.co/datasets/Project-AgML/MH_SoyaHealthVision_disease_classification_leaf/resolve/8cccf101c7b07b1c72daa0f4cea6f45e51c11db5/README.md "HTTP/1.1 307 Temporary Redirect"
2026-09-29 00:15:08,851 [INFO] HTTP Request: HEAD https://huggingface.co/api/resolve-cache/datasets/Project-AgML/MH_SoyaHealthVision_disease_classification_leaf/8cccf101c7b07b1c72daa0f4cea6f45e51c11db5/.gitattributes?%2Fdatasets%2FProject-AgML%2FMH_SoyaHealthVision_disease_classification_leaf%2Fresolve%2F8cccf101c7b07b1c72daa0f4cea6f45e51c11db5%2F.gitattributes=&etag=%22bed0738c7eeb449bca98b5d2f33c89a1ee56349a%22 "HTTP/1.1 200 OK"
2026-09-29 00:15:08,855 [INFO] HTTP Request: HEAD https://huggingface.co/api/resolve-cache/datasets/Project-AgML/MH_SoyaHealthVision_disease_classification_leaf/8cccf101c7b07b1c72daa0f4cea6f45e51c11db5/README.md?%2Fdatasets%2FProject-AgML%2FMH_SoyaHealthVision_disease_classification_leaf%2Fresolve%2F8cccf101c7b07b1c72daa0f4cea6f45e51c11db5%2FREADME.md=&etag=%22f5d782cfe212dfb00b4c8f4798002242f6b5583f%22 "HTTP/1.1 200 OK"
2026-09-29 00:15:09,145 [INFO] HTTP Request: GET https://huggingface.co/api/resolve-cache/datasets/Project-AgML/MH_SoyaHealthVision_disease_classification_leaf/8cccf101c7b07b1c72daa0f4cea6f45e51c11db5/.gitattributes?%2Fdatasets%2FProject-AgML%2FMH_SoyaHealthVision_disease_classification_leaf%2Fresolve%2F8cccf101c7b07b1c72daa0f4cea6f45e51c11db5%2F.gitattributes=&etag=%22bed0738c7eeb449bca98b5d2f33c89a1ee56349a%22 "HTTP/1.1 200 OK"
2026-09-29 00:15:09,147 [INFO] HTTP Request: GET https://huggingface.co/api/resolve-cache/datasets/Project-AgML/MH_SoyaHealthVision_disease_classification_leaf/8cccf101c7b07b1c72daa0f4cea6f45e51c11db5/README.md?%2Fdatasets%2FProject-AgML%2FMH_SoyaHealthVision_disease_classification_leaf%2Fresolve%2F8cccf101c7b07b1c72daa0f4cea6f45e51c11db5%2FREADME.md=&etag=%22f5d782cfe212dfb00b4c8f4798002242f6b5583f%22 "HTTP/1.1 200 OK"
2026-09-29 00:21:13,347 [INFO] Successfully downloaded Project-AgML/MH_SoyaHealthVision_disease_classification_leaf to C:\Users\Tanish\OneDrive\Desktop\SAP 2\data_raw\huggingface\MH_SoyaHealthVision_disease_classification_leaf
2026-09-29 00:21:13,347 [INFO] Starting download: Project-AgML/SoyNet_leaf_health_classification -> data_raw\huggingface\SoyNet_leaf_health_classification
2026-09-29 00:21:15,406 [INFO] HTTP Request: GET https://huggingface.co/api/datasets/Project-AgML/SoyNet_leaf_health_classification/revision/main "HTTP/1.1 200 OK"
2026-09-29 00:21:15,887 [INFO] HTTP Request: GET https://huggingface.co/api/datasets/Project-AgML/SoyNet_leaf_health_classification/tree/524e05b613c1f735ff602537346cbeeb3230695e?recursive=true&expand=false "HTTP/1.1 200 OK"
2026-09-29 00:21:16,241 [INFO] HTTP Request: HEAD https://huggingface.co/datasets/Project-AgML/SoyNet_leaf_health_classification/resolve/524e05b613c1f735ff602537346cbeeb3230695e/.gitattributes "HTTP/1.1 307 Temporary Redirect"
2026-09-29 00:21:16,385 [INFO] HTTP Request: GET https://huggingface.co/api/datasets/Project-AgML/SoyNet_leaf_health_classification/xet-read-token/524e05b613c1f735ff602537346cbeeb3230695e "HTTP/1.1 200 OK"
2026-09-29 00:21:16,401 [INFO] HTTP Request: HEAD https://huggingface.co/datasets/Project-AgML/SoyNet_leaf_health_classification/resolve/524e05b613c1f735ff602537346cbeeb3230695e/README.md "HTTP/1.1 307 Temporary Redirect"
2026-09-29 00:21:16,560 [INFO] HTTP Request: HEAD https://huggingface.co/api/resolve-cache/datasets/Project-AgML/SoyNet_leaf_health_classification/524e05b613c1f735ff602537346cbeeb3230695e/.gitattributes?%2Fdatasets%2FProject-AgML%2FSoyNet_leaf_health_classification%2Fresolve%2F524e05b613c1f735ff602537346cbeeb3230695e%2F.gitattributes=&etag=%22bed0738c7eeb449bca98b5d2f33c89a1ee56349a%22 "HTTP/1.1 200 OK"
2026-09-29 00:21:16,685 [INFO] HTTP Request: HEAD https://huggingface.co/api/resolve-cache/datasets/Project-AgML/SoyNet_leaf_health_classification/524e05b613c1f735ff602537346cbeeb3230695e/README.md?%2Fdatasets%2FProject-AgML%2FSoyNet_leaf_health_classification%2Fresolve%2F524e05b613c1f735ff602537346cbeeb3230695e%2FREADME.md=&etag=%22dc0669f44d71ac110c51f78836c46ffd022e0f7a%22 "HTTP/1.1 200 OK"
2026-09-29 00:21:16,847 [INFO] HTTP Request: GET https://huggingface.co/api/resolve-cache/datasets/Project-AgML/SoyNet_leaf_health_classification/524e05b613c1f735ff602537346cbeeb3230695e/.gitattributes?%2Fdatasets%2FProject-AgML%2FSoyNet_leaf_health_classification%2Fresolve%2F524e05b613c1f735ff602537346cbeeb3230695e%2F.gitattributes=&etag=%22bed0738c7eeb449bca98b5d2f33c89a1ee56349a%22 "HTTP/1.1 200 OK"
2026-09-29 00:23:53,698 [INFO] ============================================================
2026-09-29 00:23:53,698 [INFO] HUGGING FACE DATASET DOWNLOAD SUMMARY CHECK
2026-09-29 00:23:53,698 [INFO] ============================================================
2026-09-29 00:23:53,698 [INFO] [EXISTS] Project-AgML/rice_leaf_disease_classification already has 3 parquet files in data_raw\huggingface\rice_leaf_disease_classification\data. Skipping redownload.
2026-09-29 00:23:53,698 [INFO] [EXISTS] Project-AgML/rice_leaf_disease_classification_india already has 1 parquet files in data_raw\huggingface\rice_leaf_disease_classification_india\data. Skipping redownload.
2026-09-29 00:23:53,699 [INFO] [EXISTS] Project-AgML/MH_SoyaHealthVision_disease_classification_leaf already has 13 parquet files in data_raw\huggingface\MH_SoyaHealthVision_disease_classification_leaf\data. Skipping redownload.
2026-09-29 00:23:53,699 [INFO] [EXISTS] Project-AgML/SoyNet_leaf_health_classification already has 2 parquet files in data_raw\huggingface\SoyNet_leaf_health_classification\data. Skipping redownload.
2026-09-29 00:23:53,699 [INFO] Dataset Project-AgML/rice_leaf_disease_classification: COMPLETE / READY
2026-09-29 00:23:53,699 [INFO] Dataset Project-AgML/rice_leaf_disease_classification_india: COMPLETE / READY
2026-09-29 00:23:53,699 [INFO] Dataset Project-AgML/MH_SoyaHealthVision_disease_classification_leaf: COMPLETE / READY
2026-09-29 00:23:53,699 [INFO] Dataset Project-AgML/SoyNet_leaf_health_classification: COMPLETE / READY
2026-09-29 00:24:37,790 [ERROR] Failed to download Project-AgML/SoyNet_leaf_health_classification: [Errno 22] Invalid argument
2026-09-29 00:24:37,790 [INFO] 
Download Summary:
2026-09-29 00:24:37,790 [INFO]   Project-AgML/rice_leaf_disease_classification: SUCCESS
2026-09-29 00:24:37,790 [INFO]   Project-AgML/rice_leaf_disease_classification_india: SUCCESS
2026-09-29 00:24:37,790 [INFO]   Project-AgML/MH_SoyaHealthVision_disease_classification_leaf: SUCCESS
2026-09-29 00:24:37,790 [INFO]   Project-AgML/SoyNet_leaf_health_classification: FAILED
2026-09-29 00:24:37,790 [INFO] Hugging Face Dataset Downloader Completed.
